
> city-rah@0.1.0 build
> next build

ظû▓ Next.js 16.1.6 (Turbopack)

  Creating an optimized production build ...
node.exe : 
At C:\Program Files\nodejs\npm.ps1:29 char:3
+   & $NODE_EXE $NPM_CLI_JS $args
+   ~~~~~~~~~~~~~~~~~~~~~~~~~~~~~
    + CategoryInfo          : NotSpecified: (:String) [], RemoteException
    + FullyQualifiedErrorId : NativeCommandError
 
> Build error occurred
Error: Turbopack build failed with 10 errors:
./src/app/page.tsx:4:15
Ecmascript file had an error
[0m [90m  2 |[39m [36mimport[39m [33mUIOverlay[39m [36mfrom[39m [32m'@/components/UIOverlay'[39m[33m;[39m
 [90m  3 |[39m
[31m[1m>[22m[39m[90m  4 |[39m [36mconst[39m [33mScene[39m [33m=[39m dynamic(() [33m=>[39m 
[36mimport[39m([32m'@/components/Scene'[39m)[33m,[39m {
 [90m    |[39m               [31m[1m^[22m[39m[31m[1m^[22m[39m[31m[1m^[22m[39m[31m[1m^[22m[39m[31m[1
m^[22m[39m[31m[1m^[22m[39m[31m[1m^[22m[39m[31m[1m^[22m[39m[31m[1m^[22m[39m[31m[1m^[22m[39m[31m[
1m^[22m[39m[31m[1m^[22m[39m[31m[1m^[22m[39m[31m[1m^[22m[39m[31m[1m^[22m[39m[31m[1m^[22m[39m[31m
[1m^[22m[39m[31m[1m^[22m[39m[31m[1m^[22m[39m[31m[1m^[22m[39m[31m[1m^[22m[39m[31m[1m^[22m[39m[31m
[1m^[22m[39m[31m[1m^[22m[39m[31m[1m^[22m[39m[31m[1m^[22m[39m[31m[1m^[22m[39m[31m[1m^[22m[39m[31
m[1m^[22m[39m[31m[1m^[22m[39m[31m[1m^[22m[39m[31m[1m^[22m[39m[31m[1m^[22m[39m[31m[1m^[22m[39m[3
1m[1m^[22m[39m[31m[1m^[22m[39m[31m[1m^[22m[39m[31m[1m^[22m[39m[31m[1m^[22m[39m[31m[1m^[22m[39m[
31m[1m^[22m[39m[31m[1m^[22m[39m[31m[1m^[22m[39m[31m[1m^[22m[39m[31m[1m^[22m[39m
[31m[1m>[22m[39m[90m  5 |[39m   ssr[33m:[39m [36mfalse[39m[33m,[39m
 [90m    |[39m [31m[1m^[22m[39m[31m[1m^[22m[39m[31m[1m^[22m[39m[31m[1m^[22m[39m[31m[1m^[22m[39m[
31m[1m^[22m[39m[31m[1m^[22m[39m[31m[1m^[22m[39m[31m[1m^[22m[39m[31m[1m^[22m[39m[31m[1m^[22m[39m
[31m[1m^[22m[39m[31m[1m^[22m[39m
[31m[1m>[22m[39m[90m  6 |[39m   loading[33m:[39m () [33m=>[39m (
 [90m    |[39m [31m[1m^[22m[39m[31m[1m^[22m[39m[31m[1m^[22m[39m[31m[1m^[22m[39m[31m[1m^[22m[39m[
31m[1m^[22m[39m[31m[1m^[22m[39m[31m[1m^[22m[39m[31m[1m^[22m[39m[31m[1m^[22m[39m[31m[1m^[22m[39m
[31m[1m^[22m[39m[31m[1m^[22m[39m
[31m[1m>[22m[39m[90m  7 |[39m     [33m<[39m[33mdiv[39m className[33m=[39m[32m"absolute inset-0 flex 
items-center justify-center bg-black/90 z-20"[39m[33m>[39m
 [90m    |[39m [31m[1m^[22m[39m[31m[1m^[22m[39m[31m[1m^[22m[39m[31m[1m^[22m[39m[31m[1m^[22m[39m[
31m[1m^[22m[39m[31m[1m^[22m[39m[31m[1m^[22m[39m[31m[1m^[22m[39m[31m[1m^[22m[39m[31m[1m^[22m[39m
[31m[1m^[22m[39m[31m[1m^[22m[39m
[31m[1m>[22m[39m[90m  8 |[39m       [33m<[39m[33mdiv[39m className[33m=[39m[32m"w-10 h-10 border-4 
border-rose-500 border-t-transparent rounded-full 
animate-spin"[39m[33m>[39m[33m<[39m[33m/[39m[33mdiv[39m[33m>[39m
 [90m    |[39m [31m[1m^[22m[39m[31m[1m^[22m[39m[31m[1m^[22m[39m[31m[1m^[22m[39m[31m[1m^[22m[39m[
31m[1m^[22m[39m[31m[1m^[22m[39m[31m[1m^[22m[39m[31m[1m^[22m[39m[31m[1m^[22m[39m[31m[1m^[22m[39m
[31m[1m^[22m[39m[31m[1m^[22m[39m
[31m[1m>[22m[39m[90m  9 |[39m     [33m<[39m[33m/[39m[33mdiv[39m[33m>[39m
 [90m    |[39m [31m[1m^[22m[39m[31m[1m^[22m[39m[31m[1m^[22m[39m[31m[1m^[22m[39m[31m[1m^[22m[39m[
31m[1m^[22m[39m[31m[1m^[22m[39m[31m[1m^[22m[39m[31m[1m^[22m[39m[31m[1m^[22m[39m[31m[1m^[22m[39m
[31m[1m^[22m[39m[31m[1m^[22m[39m
[31m[1m>[22m[39m[90m 10 |[39m   )[33m,[39m
 [90m    |[39m [31m[1m^[22m[39m[31m[1m^[22m[39m[31m[1m^[22m[39m[31m[1m^[22m[39m[31m[1m^[22m[39m[
31m[1m^[22m[39m[31m[1m^[22m[39m[31m[1m^[22m[39m[31m[1m^[22m[39m[31m[1m^[22m[39m[31m[1m^[22m[39m
[31m[1m^[22m[39m[31m[1m^[22m[39m
[31m[1m>[22m[39m[90m 11 |[39m })[33m;[39m
 [90m    |[39m [31m[1m^[22m[39m[31m[1m^[22m[39m[31m[1m^[22m[39m
 [90m 12 |[39m
 [90m 13 |[39m [36mexport[39m [36mdefault[39m [36mfunction[39m [33mHome[39m() {
 [90m 14 |[39m   [36mreturn[39m ([0m

`ssr: false` is not allowed with `next/dynamic` in Server Components. Please move it into a Client Component.


./src/components/Car.tsx:5:1
Module not found: Can't resolve '@react-three/drei'
[0m [90m 3 |[39m [36mimport[39m [33mReact[39m[33m,[39m { useRef } [36mfrom[39m [32m'react'[39m[33m;[39m
 [90m 4 |[39m [36mimport[39m { useFrame } [36mfrom[39m [32m'@react-three/fiber'[39m[33m;[39m
[31m[1m>[22m[39m[90m 5 |[39m [36mimport[39m { [33mHtml[39m[33m,[39m [33mText[39m } [36mfrom[39m 
[32m'@react-three/drei'[39m[33m;[39m
 [90m   |[39m [31m[1m^[22m[39m[31m[1m^[22m[39m[31m[1m^[22m[39m[31m[1m^[22m[39m[31m[1m^[22m[39m[3
1m[1m^[22m[39m[31m[1m^[22m[39m[31m[1m^[22m[39m[31m[1m^[22m[39m[31m[1m^[22m[39m[31m[1m^[22m[39m[
31m[1m^[22m[39m[31m[1m^[22m[39m[31m[1m^[22m[39m[31m[1m^[22m[39m[31m[1m^[22m[39m[31m[1m^[22m[39m
[31m[1m^[22m[39m[31m[1m^[22m[39m[31m[1m^[22m[39m[31m[1m^[22m[39m[31m[1m^[22m[39m[31m[1m^[22m[39m
[31m[1m^[22m[39m[31m[1m^[22m[39m[31m[1m^[22m[39m[31m[1m^[22m[39m[31m[1m^[22m[39m[31m[1m^[22m[39
m[31m[1m^[22m[39m[31m[1m^[22m[39m[31m[1m^[22m[39m[31m[1m^[22m[39m[31m[1m^[22m[39m[31m[1m^[22m[3
9m[31m[1m^[22m[39m[31m[1m^[22m[39m[31m[1m^[22m[39m[31m[1m^[22m[39m[31m[1m^[22m[39m[31m[1m^[22m[
39m[31m[1m^[22m[39m[31m[1m^[22m[39m[31m[1m^[22m[39m[31m[1m^[22m[39m[31m[1m^[22m[39m[31m[1m^[22m
[39m
 [90m 6 |[39m [36mimport[39m [33m*[39m [36mas[39m [33mTHREE[39m [36mfrom[39m [32m'three'[39m[33m;[39m
 [90m 7 |[39m
 [90m 8 |[39m [36mconst[39m messages [33m=[39m [[0m



Import traces:
  Client Component Browser:
    ./src/components/Car.tsx [Client Component Browser]
    ./src/components/CarsManager.tsx [Client Component Browser]
    ./src/components/Scene.tsx [Client Component Browser]
    ./src/components/Scene.tsx [Server Component]
    ./src/app/page.tsx [Server Component]

  Client Component SSR:
    ./src/components/Car.tsx [Client Component SSR]
    ./src/components/CarsManager.tsx [Client Component SSR]
    ./src/components/Scene.tsx [Client Component SSR]
    ./src/components/Scene.tsx [Server Component]
    ./src/app/page.tsx [Server Component]

https://nextjs.org/docs/messages/module-not-found


./src/components/Scene.tsx:5:1
Module not found: Can't resolve '@react-three/drei'
[0m [90m 3 |[39m [36mimport[39m [33mReact[39m[33m,[39m { [33mSuspense[39m } [36mfrom[39m 
[32m'react'[39m[33m;[39m
 [90m 4 |[39m [36mimport[39m { [33mCanvas[39m } [36mfrom[39m [32m'@react-three/fiber'[39m[33m;[39m
[31m[1m>[22m[39m[90m 5 |[39m [36mimport[39m { [33mEnvironment[39m[33m,[39m [33mSky[39m[33m,[39m 
[33mStars[39m[33m,[39m [33mSparkles[39m } [36mfrom[39m [32m'@react-three/drei'[39m[33m;[39m
 [90m   |[39m [31m[1m^[22m[39m[31m[1m^[22m[39m[31m[1m^[22m[39m[31m[1m^[22m[39m[31m[1m^[22m[39m[3
1m[1m^[22m[39m[31m[1m^[22m[39m[31m[1m^[22m[39m[31m[1m^[22m[39m[31m[1m^[22m[39m[31m[1m^[22m[39m[
31m[1m^[22m[39m[31m[1m^[22m[39m[31m[1m^[22m[39m[31m[1m^[22m[39m[31m[1m^[22m[39m[31m[1m^[22m[39m
[31m[1m^[22m[39m[31m[1m^[22m[39m[31m[1m^[22m[39m[31m[1m^[22m[39m[31m[1m^[22m[39m[31m[1m^[22m[39m
[31m[1m^[22m[39m[31m[1m^[22m[39m[31m[1m^[22m[39m[31m[1m^[22m[39m[31m[1m^[22m[39m[31m[1m^[22m[39
m[31m[1m^[22m[39m[31m[1m^[22m[39m[31m[1m^[22m[39m[31m[1m^[22m[39m[31m[1m^[22m[39m[31m[1m^[22m[3
9m[31m[1m^[22m[39m[31m[1m^[22m[39m[31m[1m^[22m[39m[31m[1m^[22m[39m[31m[1m^[22m[39m[31m[1m^[22m[
39m[31m[1m^[22m[39m[31m[1m^[22m[39m[31m[1m^[22m[39m[31m[1m^[22m[39m[31m[1m^[22m[39m[31m[1m^[22m
[39m[31m[1m^[22m[39m[31m[1m^[22m[39m[31m[1m^[22m[39m[31m[1m^[22m[39m[31m[1m^[22m[39m[31m[1m^[22m
[39m[31m[1m^[22m[39m[31m[1m^[22m[39m[31m[1m^[22m[39m[31m[1m^[22m[39m[31m[1m^[22m[39m[31m[1m^[22
m[39m[31m[1m^[22m[39m[31m[1m^[22m[39m[31m[1m^[22m[39m[31m[1m^[22m[39m[31m[1m^[22m[39m[31m[1m^[2
2m[39m[31m[1m^[22m[39m[31m[1m^[22m[39m[31m[1m^[22m[39m[31m[1m^[22m[39m[31m[1m^[22m[39m
 [90m 6 |[39m [36mimport[39m { [33mEffectComposer[39m[33m,[39m [33mBloom[39m[33m,[39m 
[33mDepthOfField[39m } [36mfrom[39m [32m'@react-three/postprocessing'[39m[33m;[39m
 [90m 7 |[39m [36mimport[39m { useFrame } [36mfrom[39m [32m'@react-three/fiber'[39m[33m;[39m
 [90m 8 |[39m [36mimport[39m [33mStreetEnvironment[39m [36mfrom[39m 
[32m'./StreetEnvironment'[39m[33m;[39m[0m



Import trace:
  Server Component:
    ./src/components/Scene.tsx
    ./src/app/page.tsx

https://nextjs.org/docs/messages/module-not-found


./src/components/StreetEnvironment.tsx:5:1
Module not found: Can't resolve '@react-three/drei'
[0m [90m 3 |[39m [36mimport[39m [33mReact[39m[33m,[39m { useMemo } [36mfrom[39m [32m'react'[39m[33m;[39m
 [90m 4 |[39m [36mimport[39m { useFrame } [36mfrom[39m [32m'@react-three/fiber'[39m[33m;[39m
[31m[1m>[22m[39m[90m 5 |[39m [36mimport[39m { [33mPlane[39m[33m,[39m [33mBox[39m[33m,[39m 
[33mMeshReflectorMaterial[39m[33m,[39m useScroll } [36mfrom[39m [32m'@react-three/drei'[39m[33m;[39m
 [90m   |[39m [31m[1m^[22m[39m[31m[1m^[22m[39m[31m[1m^[22m[39m[31m[1m^[22m[39m[31m[1m^[22m[39m[3
1m[1m^[22m[39m[31m[1m^[22m[39m[31m[1m^[22m[39m[31m[1m^[22m[39m[31m[1m^[22m[39m[31m[1m^[22m[39m[
31m[1m^[22m[39m[31m[1m^[22m[39m[31m[1m^[22m[39m[31m[1m^[22m[39m[31m[1m^[22m[39m[31m[1m^[22m[39m
[31m[1m^[22m[39m[31m[1m^[22m[39m[31m[1m^[22m[39m[31m[1m^[22m[39m[31m[1m^[22m[39m[31m[1m^[22m[39m
[31m[1m^[22m[39m[31m[1m^[22m[39m[31m[1m^[22m[39m[31m[1m^[22m[39m[31m[1m^[22m[39m[31m[1m^[22m[39
m[31m[1m^[22m[39m[31m[1m^[22m[39m[31m[1m^[22m[39m[31m[1m^[22m[39m[31m[1m^[22m[39m[31m[1m^[22m[3
9m[31m[1m^[22m[39m[31m[1m^[22m[39m[31m[1m^[22m[39m[31m[1m^[22m[39m[31m[1m^[22m[39m[31m[1m^[22m[
39m[31m[1m^[22m[39m[31m[1m^[22m[39m[31m[1m^[22m[39m[31m[1m^[22m[39m[31m[1m^[22m[39m[31m[1m^[22m
[39m[31m[1m^[22m[39m[31m[1m^[22m[39m[31m[1m^[22m[39m[31m[1m^[22m[39m[31m[1m^[22m[39m[31m[1m^[22m
[39m[31m[1m^[22m[39m[31m[1m^[22m[39m[31m[1m^[22m[39m[31m[1m^[22m[39m[31m[1m^[22m[39m[31m[1m^[22
m[39m[31m[1m^[22m[39m[31m[1m^[22m[39m[31m[1m^[22m[39m[31m[1m^[22m[39m[31m[1m^[22m[39m[31m[1m^[2
2m[39m[31m[1m^[22m[39m[31m[1m^[22m[39m[31m[1m^[22m[39m[31m[1m^[22m[39m[31m[1m^[22m[39m[31m[1m^[
22m[39m[31m[1m^[22m[39m[31m[1m^[22m[39m[31m[1m^[22m[39m[31m[1m^[22m[39m[31m[1m^[22m[39m[31m[1m^
[22m[39m[31m[1m^[22m[39m[31m[1m^[22m[39m[31m[1m^[22m[39m[31m[1m^[22m[39m
 [90m 6 |[39m [36mimport[39m [33m*[39m [36mas[39m [33mTHREE[39m [36mfrom[39m [32m'three'[39m[33m;[39m
 [90m 7 |[39m
 [90m 8 |[39m [36mexport[39m [36mdefault[39m [36mfunction[39m [33mStreetEnvironment[39m() {[0m



Import traces:
  Client Component Browser:
    ./src/components/StreetEnvironment.tsx [Client Component Browser]
    ./src/components/Scene.tsx [Client Component Browser]
    ./src/components/Scene.tsx [Server Component]
    ./src/app/page.tsx [Server Component]

  Client Component SSR:
    ./src/components/StreetEnvironment.tsx [Client Component SSR]
    ./src/components/Scene.tsx [Client Component SSR]
    ./src/components/Scene.tsx [Server Component]
    ./src/app/page.tsx [Server Component]

https://nextjs.org/docs/messages/module-not-found


./src/components/Car.tsx:4:1
Module not found: Can't resolve '@react-three/fiber'
[0m [90m 2 |[39m
 [90m 3 |[39m [36mimport[39m [33mReact[39m[33m,[39m { useRef } [36mfrom[39m [32m'react'[39m[33m;[39m
[31m[1m>[22m[39m[90m 4 |[39m [36mimport[39m { useFrame } [36mfrom[39m 
[32m'@react-three/fiber'[39m[33m;[39m
 [90m   |[39m [31m[1m^[22m[39m[31m[1m^[22m[39m[31m[1m^[22m[39m[31m[1m^[22m[39m[31m[1m^[22m[39m[3
1m[1m^[22m[39m[31m[1m^[22m[39m[31m[1m^[22m[39m[31m[1m^[22m[39m[31m[1m^[22m[39m[31m[1m^[22m[39m[
31m[1m^[22m[39m[31m[1m^[22m[39m[31m[1m^[22m[39m[31m[1m^[22m[39m[31m[1m^[22m[39m[31m[1m^[22m[39m
[31m[1m^[22m[39m[31m[1m^[22m[39m[31m[1m^[22m[39m[31m[1m^[22m[39m[31m[1m^[22m[39m[31m[1m^[22m[39m
[31m[1m^[22m[39m[31m[1m^[22m[39m[31m[1m^[22m[39m[31m[1m^[22m[39m[31m[1m^[22m[39m[31m[1m^[22m[39
m[31m[1m^[22m[39m[31m[1m^[22m[39m[31m[1m^[22m[39m[31m[1m^[22m[39m[31m[1m^[22m[39m[31m[1m^[22m[3
9m[31m[1m^[22m[39m[31m[1m^[22m[39m[31m[1m^[22m[39m[31m[1m^[22m[39m[31m[1m^[22m[39m[31m[1m^[22m[
39m[31m[1m^[22m[39m[31m[1m^[22m[39m[31m[1m^[22m[39m[31m[1m^[22m[39m[31m[1m^[22m[39m
 [90m 5 |[39m [36mimport[39m { [33mHtml[39m[33m,[39m [33mText[39m } [36mfrom[39m 
[32m'@react-three/drei'[39m[33m;[39m
 [90m 6 |[39m [36mimport[39m [33m*[39m [36mas[39m [33mTHREE[39m [36mfrom[39m [32m'three'[39m[33m;[39m
 [90m 7 |[39m[0m



Import traces:
  Client Component Browser:
    ./src/components/Car.tsx [Client Component Browser]
    ./src/components/CarsManager.tsx [Client Component Browser]
    ./src/components/Scene.tsx [Client Component Browser]
    ./src/components/Scene.tsx [Server Component]
    ./src/app/page.tsx [Server Component]

  Client Component SSR:
    ./src/components/Car.tsx [Client Component SSR]
    ./src/components/CarsManager.tsx [Client Component SSR]
    ./src/components/Scene.tsx [Client Component SSR]
    ./src/components/Scene.tsx [Server Component]
    ./src/app/page.tsx [Server Component]

https://nextjs.org/docs/messages/module-not-found


./src/components/Scene.tsx:4:1
Module not found: Can't resolve '@react-three/fiber'
[0m [90m 2 |[39m
 [90m 3 |[39m [36mimport[39m [33mReact[39m[33m,[39m { [33mSuspense[39m } [36mfrom[39m 
[32m'react'[39m[33m;[39m
[31m[1m>[22m[39m[90m 4 |[39m [36mimport[39m { [33mCanvas[39m } [36mfrom[39m 
[32m'@react-three/fiber'[39m[33m;[39m
 [90m   |[39m [31m[1m^[22m[39m[31m[1m^[22m[39m[31m[1m^[22m[39m[31m[1m^[22m[39m[31m[1m^[22m[39m[3
1m[1m^[22m[39m[31m[1m^[22m[39m[31m[1m^[22m[39m[31m[1m^[22m[39m[31m[1m^[22m[39m[31m[1m^[22m[39m[
31m[1m^[22m[39m[31m[1m^[22m[39m[31m[1m^[22m[39m[31m[1m^[22m[39m[31m[1m^[22m[39m[31m[1m^[22m[39m
[31m[1m^[22m[39m[31m[1m^[22m[39m[31m[1m^[22m[39m[31m[1m^[22m[39m[31m[1m^[22m[39m[31m[1m^[22m[39m
[31m[1m^[22m[39m[31m[1m^[22m[39m[31m[1m^[22m[39m[31m[1m^[22m[39m[31m[1m^[22m[39m[31m[1m^[22m[39
m[31m[1m^[22m[39m[31m[1m^[22m[39m[31m[1m^[22m[39m[31m[1m^[22m[39m[31m[1m^[22m[39m[31m[1m^[22m[3
9m[31m[1m^[22m[39m[31m[1m^[22m[39m[31m[1m^[22m[39m[31m[1m^[22m[39m[31m[1m^[22m[39m[31m[1m^[22m[
39m[31m[1m^[22m[39m[31m[1m^[22m[39m[31m[1m^[22m[39m
 [90m 5 |[39m [36mimport[39m { [33mEnvironment[39m[33m,[39m [33mSky[39m[33m,[39m 
[33mStars[39m[33m,[39m [33mSparkles[39m } [36mfrom[39m [32m'@react-three/drei'[39m[33m;[39m
 [90m 6 |[39m [36mimport[39m { [33mEffectComposer[39m[33m,[39m [33mBloom[39m[33m,[39m 
[33mDepthOfField[39m } [36mfrom[39m [32m'@react-three/postprocessing'[39m[33m;[39m
 [90m 7 |[39m [36mimport[39m { useFrame } [36mfrom[39m [32m'@react-three/fiber'[39m[33m;[39m[0m



Import trace:
  Server Component:
    ./src/components/Scene.tsx
    ./src/app/page.tsx

https://nextjs.org/docs/messages/module-not-found


./src/components/Scene.tsx:7:1
Module not found: Can't resolve '@react-three/fiber'
[0m [90m  5 |[39m [36mimport[39m { [33mEnvironment[39m[33m,[39m [33mSky[39m[33m,[39m 
[33mStars[39m[33m,[39m [33mSparkles[39m } [36mfrom[39m [32m'@react-three/drei'[39m[33m;[39m
 [90m  6 |[39m [36mimport[39m { [33mEffectComposer[39m[33m,[39m [33mBloom[39m[33m,[39m 
[33mDepthOfField[39m } [36mfrom[39m [32m'@react-three/postprocessing'[39m[33m;[39m
[31m[1m>[22m[39m[90m  7 |[39m [36mimport[39m { useFrame } [36mfrom[39m 
[32m'@react-three/fiber'[39m[33m;[39m
 [90m    |[39m [31m[1m^[22m[39m[31m[1m^[22m[39m[31m[1m^[22m[39m[31m[1m^[22m[39m[31m[1m^[22m[39m[
31m[1m^[22m[39m[31m[1m^[22m[39m[31m[1m^[22m[39m[31m[1m^[22m[39m[31m[1m^[22m[39m[31m[1m^[22m[39m
[31m[1m^[22m[39m[31m[1m^[22m[39m[31m[1m^[22m[39m[31m[1m^[22m[39m[31m[1m^[22m[39m[31m[1m^[22m[39m
[31m[1m^[22m[39m[31m[1m^[22m[39m[31m[1m^[22m[39m[31m[1m^[22m[39m[31m[1m^[22m[39m[31m[1m^[22m[39
m[31m[1m^[22m[39m[31m[1m^[22m[39m[31m[1m^[22m[39m[31m[1m^[22m[39m[31m[1m^[22m[39m[31m[1m^[22m[3
9m[31m[1m^[22m[39m[31m[1m^[22m[39m[31m[1m^[22m[39m[31m[1m^[22m[39m[31m[1m^[22m[39m[31m[1m^[22m[
39m[31m[1m^[22m[39m[31m[1m^[22m[39m[31m[1m^[22m[39m[31m[1m^[22m[39m[31m[1m^[22m[39m[31m[1m^[22m
[39m[31m[1m^[22m[39m[31m[1m^[22m[39m[31m[1m^[22m[39m[31m[1m^[22m[39m[31m[1m^[22m[39m
 [90m  8 |[39m [36mimport[39m [33mStreetEnvironment[39m [36mfrom[39m [32m'./StreetEnvironment'[39m[33m;[39m
 [90m  9 |[39m [36mimport[39m [33mCarsManager[39m [36mfrom[39m [32m'./CarsManager'[39m[33m;[39m
 [90m 10 |[39m[0m



Import trace:
  Server Component:
    ./src/components/Scene.tsx
    ./src/app/page.tsx

https://nextjs.org/docs/messages/module-not-found


./src/components/Scene.tsx:6:1
Module not found: Can't resolve '@react-three/postprocessing'
[0m [90m 4 |[39m [36mimport[39m { [33mCanvas[39m } [36mfrom[39m [32m'@react-three/fiber'[39m[33m;[39m
 [90m 5 |[39m [36mimport[39m { [33mEnvironment[39m[33m,[39m [33mSky[39m[33m,[39m 
[33mStars[39m[33m,[39m [33mSparkles[39m } [36mfrom[39m [32m'@react-three/drei'[39m[33m;[39m
[31m[1m>[22m[39m[90m 6 |[39m [36mimport[39m { [33mEffectComposer[39m[33m,[39m [33mBloom[39m[33m,[39m 
[33mDepthOfField[39m } [36mfrom[39m [32m'@react-three/postprocessing'[39m[33m;[39m
 [90m   |[39m [31m[1m^[22m[39m[31m[1m^[22m[39m[31m[1m^[22m[39m[31m[1m^[22m[39m[31m[1m^[22m[39m[3
1m[1m^[22m[39m[31m[1m^[22m[39m[31m[1m^[22m[39m[31m[1m^[22m[39m[31m[1m^[22m[39m[31m[1m^[22m[39m[
31m[1m^[22m[39m[31m[1m^[22m[39m[31m[1m^[22m[39m[31m[1m^[22m[39m[31m[1m^[22m[39m[31m[1m^[22m[39m
[31m[1m^[22m[39m[31m[1m^[22m[39m[31m[1m^[22m[39m[31m[1m^[22m[39m[31m[1m^[22m[39m[31m[1m^[22m[39m
[31m[1m^[22m[39m[31m[1m^[22m[39m[31m[1m^[22m[39m[31m[1m^[22m[39m[31m[1m^[22m[39m[31m[1m^[22m[39
m[31m[1m^[22m[39m[31m[1m^[22m[39m[31m[1m^[22m[39m[31m[1m^[22m[39m[31m[1m^[22m[39m[31m[1m^[22m[3
9m[31m[1m^[22m[39m[31m[1m^[22m[39m[31m[1m^[22m[39m[31m[1m^[22m[39m[31m[1m^[22m[39m[31m[1m^[22m[
39m[31m[1m^[22m[39m[31m[1m^[22m[39m[31m[1m^[22m[39m[31m[1m^[22m[39m[31m[1m^[22m[39m[31m[1m^[22m
[39m[31m[1m^[22m[39m[31m[1m^[22m[39m[31m[1m^[22m[39m[31m[1m^[22m[39m[31m[1m^[22m[39m[31m[1m^[22m
[39m[31m[1m^[22m[39m[31m[1m^[22m[39m[31m[1m^[22m[39m[31m[1m^[22m[39m[31m[1m^[22m[39m[31m[1m^[22
m[39m[31m[1m^[22m[39m[31m[1m^[22m[39m[31m[1m^[22m[39m[31m[1m^[22m[39m[31m[1m^[22m[39m[31m[1m^[2
2m[39m[31m[1m^[22m[39m[31m[1m^[22m[39m[31m[1m^[22m[39m[31m[1m^[22m[39m[31m[1m^[22m[39m[31m[1m^[
22m[39m[31m[1m^[22m[39m[31m[1m^[22m[39m[31m[1m^[22m[39m[31m[1m^[22m[39m[31m[1m^[22m[39m[31m[1m^
[22m[39m[31m[1m^[22m[39m[31m[1m^[22m[39m[31m[1m^[22m[39m[31m[1m^[22m[39m[31m[1m^[22m[39m
 [90m 7 |[39m [36mimport[39m { useFrame } [36mfrom[39m [32m'@react-three/fiber'[39m[33m;[39m
 [90m 8 |[39m [36mimport[39m [33mStreetEnvironment[39m [36mfrom[39m [32m'./StreetEnvironment'[39m[33m;[39m
 [90m 9 |[39m [36mimport[39m [33mCarsManager[39m [36mfrom[39m [32m'./CarsManager'[39m[33m;[39m[0m



Import trace:
  Server Component:
    ./src/components/Scene.tsx
    ./src/app/page.tsx

https://nextjs.org/docs/messages/module-not-found


./src/components/UIOverlay.tsx:4:1
Module not found: Can't resolve 'framer-motion'
[0m [90m 2 |[39m
 [90m 3 |[39m [36mimport[39m [33mReact[39m[33m,[39m { useState[33m,[39m useEffect } [36mfrom[39m 
[32m'react'[39m[33m;[39m
[31m[1m>[22m[39m[90m 4 |[39m [36mimport[39m { motion[33m,[39m [33mAnimatePresence[39m } [36mfrom[39m 
[32m'framer-motion'[39m[33m;[39m
 [90m   |[39m [31m[1m^[22m[39m[31m[1m^[22m[39m[31m[1m^[22m[39m[31m[1m^[22m[39m[31m[1m^[22m[39m[3
1m[1m^[22m[39m[31m[1m^[22m[39m[31m[1m^[22m[39m[31m[1m^[22m[39m[31m[1m^[22m[39m[31m[1m^[22m[39m[
31m[1m^[22m[39m[31m[1m^[22m[39m[31m[1m^[22m[39m[31m[1m^[22m[39m[31m[1m^[22m[39m[31m[1m^[22m[39m
[31m[1m^[22m[39m[31m[1m^[22m[39m[31m[1m^[22m[39m[31m[1m^[22m[39m[31m[1m^[22m[39m[31m[1m^[22m[39m
[31m[1m^[22m[39m[31m[1m^[22m[39m[31m[1m^[22m[39m[31m[1m^[22m[39m[31m[1m^[22m[39m[31m[1m^[22m[39
m[31m[1m^[22m[39m[31m[1m^[22m[39m[31m[1m^[22m[39m[31m[1m^[22m[39m[31m[1m^[22m[39m[31m[1m^[22m[3
9m[31m[1m^[22m[39m[31m[1m^[22m[39m[31m[1m^[22m[39m[31m[1m^[22m[39m[31m[1m^[22m[39m[31m[1m^[22m[
39m[31m[1m^[22m[39m[31m[1m^[22m[39m[31m[1m^[22m[39m[31m[1m^[22m[39m[31m[1m^[22m[39m[31m[1m^[22m
[39m[31m[1m^[22m[39m[31m[1m^[22m[39m[31m[1m^[22m[39m[31m[1m^[22m[39m[31m[1m^[22m[39m[31m[1m^[22m
[39m[31m[1m^[22m[39m[31m[1m^[22m[39m[31m[1m^[22m[39m
 [90m 5 |[39m [36mimport[39m { [33mHeart[39m[33m,[39m [33mVolume2[39m[33m,[39m 
[33mVolumeX[39m[33m,[39m [33mPlay[39m } [36mfrom[39m [32m'lucide-react'[39m[33m;[39m
 [90m 6 |[39m
 [90m 7 |[39m [36mexport[39m [36mdefault[39m [36mfunction[39m [33mUIOverlay[39m() {[0m



Import trace:
  Server Component:
    ./src/components/UIOverlay.tsx
    ./src/app/page.tsx

https://nextjs.org/docs/messages/module-not-found


./src/components/UIOverlay.tsx:5:1
Module not found: Can't resolve 'lucide-react'
[0m [90m 3 |[39m [36mimport[39m [33mReact[39m[33m,[39m { useState[33m,[39m useEffect } [36mfrom[39m 
[32m'react'[39m[33m;[39m
 [90m 4 |[39m [36mimport[39m { motion[33m,[39m [33mAnimatePresence[39m } [36mfrom[39m 
[32m'framer-motion'[39m[33m;[39m
[31m[1m>[22m[39m[90m 5 |[39m [36mimport[39m { [33mHeart[39m[33m,[39m [33mVolume2[39m[33m,[39m 
[33mVolumeX[39m[33m,[39m [33mPlay[39m } [36mfrom[39m [32m'lucide-react'[39m[33m;[39m
 [90m   |[39m [31m[1m^[22m[39m[31m[1m^[22m[39m[31m[1m^[22m[39m[31m[1m^[22m[39m[31m[1m^[22m[39m[3
1m[1m^[22m[39m[31m[1m^[22m[39m[31m[1m^[22m[39m[31m[1m^[22m[39m[31m[1m^[22m[39m[31m[1m^[22m[39m[
31m[1m^[22m[39m[31m[1m^[22m[39m[31m[1m^[22m[39m[31m[1m^[22m[39m[31m[1m^[22m[39m[31m[1m^[22m[39m
[31m[1m^[22m[39m[31m[1m^[22m[39m[31m[1m^[22m[39m[31m[1m^[22m[39m[31m[1m^[22m[39m[31m[1m^[22m[39m
[31m[1m^[22m[39m[31m[1m^[22m[39m[31m[1m^[22m[39m[31m[1m^[22m[39m[31m[1m^[22m[39m[31m[1m^[22m[39
m[31m[1m^[22m[39m[31m[1m^[22m[39m[31m[1m^[22m[39m[31m[1m^[22m[39m[31m[1m^[22m[39m[31m[1m^[22m[3
9m[31m[1m^[22m[39m[31m[1m^[22m[39m[31m[1m^[22m[39m[31m[1m^[22m[39m[31m[1m^[22m[39m[31m[1m^[22m[
39m[31m[1m^[22m[39m[31m[1m^[22m[39m[31m[1m^[22m[39m[31m[1m^[22m[39m[31m[1m^[22m[39m[31m[1m^[22m
[39m[31m[1m^[22m[39m[31m[1m^[22m[39m[31m[1m^[22m[39m[31m[1m^[22m[39m[31m[1m^[22m[39m[31m[1m^[22m
[39m[31m[1m^[22m[39m[31m[1m^[22m[39m[31m[1m^[22m[39m[31m[1m^[22m[39m[31m[1m^[22m[39m[31m[1m^[22
m[39m[31m[1m^[22m[39m[31m[1m^[22m[39m
 [90m 6 |[39m
 [90m 7 |[39m [36mexport[39m [36mdefault[39m [36mfunction[39m [33mUIOverlay[39m() {
 [90m 8 |[39m     [36mconst[39m [started[33m,[39m setStarted] [33m=[39m 
useState([36mfalse[39m)[33m;[39m[0m



Import trace:
  Server Component:
    ./src/components/UIOverlay.tsx
    ./src/app/page.tsx

https://nextjs.org/docs/messages/module-not-found


    at <unknown> (./src/app/page.tsx:4:15)
    at <unknown> (./src/components/Car.tsx:5:1)
    at <unknown> (https://nextjs.org/docs/messages/module-not-found)
    at <unknown> (./src/components/Scene.tsx:5:1)
    at <unknown> (https://nextjs.org/docs/messages/module-not-found)
    at <unknown> (./src/components/StreetEnvironment.tsx:5:1)
    at <unknown> (https://nextjs.org/docs/messages/module-not-found)
    at <unknown> (./src/components/Car.tsx:4:1)
    at <unknown> (https://nextjs.org/docs/messages/module-not-found)
    at <unknown> (./src/components/Scene.tsx:4:1)
    at <unknown> (https://nextjs.org/docs/messages/module-not-found)
    at <unknown> (./src/components/Scene.tsx:7:1)
    at <unknown> (https://nextjs.org/docs/messages/module-not-found)
    at <unknown> (./src/components/Scene.tsx:6:1)
    at <unknown> (https://nextjs.org/docs/messages/module-not-found)
    at <unknown> (./src/components/UIOverlay.tsx:4:1)
    at <unknown> (https://nextjs.org/docs/messages/module-not-found)
    at <unknown> (./src/components/UIOverlay.tsx:5:1)
    at <unknown> (https://nextjs.org/docs/messages/module-not-found)
